This is pdfTeX, Version 3.141592653-2.6-1.40.29 (TeX Live 2026) (preloaded format=pdflatex 2026.8.7)  10 SEP 2026 11:16
entering extended mode
 restricted \write18 enabled.
 file:line:error style messages enabled.
 %&-line parsing enabled.
**/Users/h703293553/GitHubLocal/Teaching/Fall_2026/CSC-220/Lecture01/Slides/backprop_gradient_animation/backprop_gradient_demo.tex
(/Users/h703293553/GitHubLocal/Teaching/Fall_2026/CSC-220/Lecture01/Slides/backprop_gradient_animation/backprop_gradient_demo.tex
LaTeX2e <2026-06-01>
L3 programming layer <2026-07-20>
(/usr/local/texlive/2026/texmf-dist/tex/latex/beamer/beamer.cls
Document Class: beamer 2026/01/22 v3.77 A class for typesetting presentations
(/usr/local/texlive/2026/texmf-dist/tex/latex/beamer/beamerbasemodes.sty (/usr/local/texlive/2026/texmf-dist/tex/latex/etoolbox/etoolbox.sty
Package: etoolbox 2025/10/02 v2.5m e-TeX tools for LaTeX (JAW)
\etb@tempcnta=\count276
)
\beamer@tempbox=\box53
\beamer@tempcount=\count277
\c@beamerpauses=\count278
 (/usr/local/texlive/2026/texmf-dist/tex/latex/beamer/beamerbasedecode.sty
\beamer@slideinframe=\count279
\beamer@minimum=\count280
\beamer@decode@box=\box54
)
\beamer@commentbox=\box55
\beamer@modecount=\count281
) (/usr/local/texlive/2026/texmf-dist/tex/generic/iftex/iftex.sty
Package: iftex 2024/12/12 v1.0g TeX engine tests
)
\headdp=\dimen150
\footheight=\dimen151
\sidebarheight=\dimen152
\beamer@tempdim=\dimen153
\beamer@finalheight=\dimen154
\beamer@animht=\dimen155
\beamer@animdp=\dimen156
\beamer@animwd=\dimen157
\beamer@leftmargin=\dimen158
\beamer@rightmargin=\dimen159
\beamer@leftsidebar=\dimen160
\beamer@rightsidebar=\dimen161
\beamer@boxsize=\dimen162
\beamer@vboxoffset=\dimen163
\beamer@descdefault=\dimen164
\beamer@descriptionwidth=\dimen165
\beamer@lastskip=\skip49
\beamer@areabox=\box56
\beamer@animcurrent=\box57
\beamer@animshowbox=\box58
\beamer@sectionbox=\box59
\beamer@logobox=\box60
\beamer@linebox=\box61
\beamer@sectioncount=\count282
\beamer@subsubsectionmax=\count283
\beamer@subsectionmax=\count284
\beamer@sectionmax=\count285
\beamer@totalheads=\count286
\beamer@headcounter=\count287
\beamer@partstartpage=\count288
\beamer@sectionstartpage=\count289
\beamer@subsectionstartpage=\count290
\beamer@animationtempa=\count291
\beamer@animationtempb=\count292
\beamer@xpos=\count293
\beamer@ypos=\count294
\beamer@ypos@offset=\count295
\beamer@showpartnumber=\count296
\beamer@currentsubsection=\count297
\beamer@coveringdepth=\count298
\beamer@sectionadjust=\count299
\beamer@toclastsection=\count300
\beamer@tocsectionnumber=\count301
 (/usr/local/texlive/2026/texmf-dist/tex/latex/beamer/beamerbaseoptions.sty (/usr/local/texlive/2026/texmf-dist/tex/latex/graphics/keyval.sty
Package: keyval 2026-05-17 v1.15 key=value parser (DPC)
\KV@toks@=\toks17
))
\beamer@paperwidth=\skip50
\beamer@paperheight=\skip51
 (/usr/local/texlive/2026/texmf-dist/tex/latex/geometry/geometry.sty
Package: geometry 2026/03/07 v6.0 Page Geometry
 (/usr/local/texlive/2026/texmf-dist/tex/generic/iftex/ifvtex.sty
Package: ifvtex 2019/10/25 v1.7 ifvtex legacy package. Use iftex instead.
)
\Gm@cnth=\count302
\Gm@cntv=\count303
\c@Gm@tempcnt=\count304
\Gm@bindingoffset=\dimen166
\Gm@wd@mp=\dimen167
\Gm@odd@mp=\dimen168
\Gm@even@mp=\dimen169
\Gm@layoutwidth=\dimen170
\Gm@layoutheight=\dimen171
\Gm@layouthoffset=\dimen172
\Gm@layoutvoffset=\dimen173
\Gm@dimlist=\toks18
) (/usr/local/texlive/2026/texmf-dist/tex/latex/pgf/math/pgfmath.sty (/usr/local/texlive/2026/texmf-dist/tex/latex/pgf/utilities/pgfrcs.sty (/usr/local/texlive/2026/texmf-dist/tex/generic/pgf/utilities/pgfutil-common.tex
\pgfutil@everybye=\toks19
\pgfutil@tempdima=\dimen174
\pgfutil@tempdimb=\dimen175
) (/usr/local/texlive/2026/texmf-dist/tex/generic/pgf/utilities/pgfutil-latex.def
\pgfutil@abb=\box62
) (/usr/local/texlive/2026/texmf-dist/tex/generic/pgf/utilities/pgfrcs.code.tex (/usr/local/texlive/2026/texmf-dist/tex/generic/pgf/pgf.revision.tex)
Package: pgfrcs 2026-08-01 v3.1.12 (3.1.12)
)) (/usr/local/texlive/2026/texmf-dist/tex/latex/pgf/utilities/pgfkeys.sty (/usr/local/texlive/2026/texmf-dist/tex/generic/pgf/utilities/pgfkeys.code.tex
\pgfkeys@pathtoks=\toks20
\pgfkeys@temptoks=\toks21
 (/usr/local/texlive/2026/texmf-dist/tex/generic/pgf/utilities/pgfkeyslibraryfiltered.code.tex
\pgfkeys@tmptoks=\toks22
))) (/usr/local/texlive/2026/texmf-dist/tex/generic/pgf/math/pgfmath.code.tex (/usr/local/texlive/2026/texmf-dist/tex/generic/pgf/math/pgfmathutil.code.tex
\pgf@x=\dimen176
\pgf@xa=\dimen177
\pgf@xb=\dimen178
\pgf@xc=\dimen179
\pgf@y=\dimen180
\pgf@ya=\dimen181
\pgf@yb=\dimen182
\pgf@yc=\dimen183
\c@pgf@counta=\count305
\c@pgf@countb=\count306
\c@pgf@countc=\count307
\c@pgf@countd=\count308
) (/usr/local/texlive/2026/texmf-dist/tex/generic/pgf/math/pgfmathparser.code.tex
\pgfmath@dimen=\dimen184
\pgfmath@count=\count309
\pgfmath@box=\box63
\pgfmath@toks=\toks23
\pgfmath@stack@operand=\toks24
\pgfmath@stack@operation=\toks25
) (/usr/local/texlive/2026/texmf-dist/tex/generic/pgf/math/pgfmathfunctions.code.tex) (/usr/local/texlive/2026/texmf-dist/tex/generic/pgf/math/pgfmathfunctions.basic.code.tex) (/usr/local/texlive/2026/texmf-dist/tex/generic/pgf/math/pgfmathfunctions.trigonometric.code.tex) (/usr/local/texlive/2026/texmf-dist/tex/generic/pgf/math/pgfmathfunctions.random.code.tex) (/usr/local/texlive/2026/texmf-dist/tex/generic/pgf/math/pgfmathfunctions.comparison.code.tex) (/usr/local/texlive/2026/texmf-dist/tex/generic/pgf/math/pgfmathfunctions.base.code.tex) (/usr/local/texlive/2026/texmf-dist/tex/generic/pgf/math/pgfmathfunctions.round.code.tex) (/usr/local/texlive/2026/texmf-dist/tex/generic/pgf/math/pgfmathfunctions.misc.code.tex) (/usr/local/texlive/2026/texmf-dist/tex/generic/pgf/math/pgfmathfunctions.integerarithmetics.code.tex) (/usr/local/texlive/2026/texmf-dist/tex/generic/pgf/math/pgfmathcalc.code.tex) (/usr/local/texlive/2026/texmf-dist/tex/generic/pgf/math/pgfmathfloat.code.tex
\c@pgfmathroundto@lastzeros=\count310
))) (/usr/local/texlive/2026/texmf-dist/tex/latex/base/size11.clo
File: size11.clo 2025/01/22 v1.4n Standard LaTeX file (size option)
) (/usr/local/texlive/2026/texmf-dist/tex/latex/pgf/basiclayer/pgfcore.sty (/usr/local/texlive/2026/texmf-dist/tex/latex/graphics/graphicx.sty
Package: graphicx 2026-05-17 v1.2e Enhanced LaTeX Graphics (DPC,SPQR)
 (/usr/local/texlive/2026/texmf-dist/tex/latex/graphics/graphics.sty
Package: graphics 2026-05-17 v1.4h Standard LaTeX Graphics (DPC,SPQR)
 (/usr/local/texlive/2026/texmf-dist/tex/latex/graphics/trig.sty
Package: trig 2023/12/02 v1.11 sin cos tan (DPC)
) (/usr/local/texlive/2026/texmf-dist/tex/latex/graphics-cfg/graphics.cfg
File: graphics.cfg 2016/06/04 v1.11 sample graphics configuration
)
Package graphics Info: Driver file: pdftex.def on input line 106.
 (/usr/local/texlive/2026/texmf-dist/tex/latex/graphics-def/pdftex.def
File: pdftex.def 2025/09/29 v1.2d Graphics/color driver for pdftex
))
\Gin@req@height=\dimen185
\Gin@req@width=\dimen186
) (/usr/local/texlive/2026/texmf-dist/tex/latex/pgf/systemlayer/pgfsys.sty (/usr/local/texlive/2026/texmf-dist/tex/generic/pgf/systemlayer/pgfsys.code.tex
Package: pgfsys 2026-08-01 v3.1.12 (3.1.12)
\pgf@x=\dimen187
\pgf@y=\dimen188
\pgf@xa=\dimen189
\pgf@ya=\dimen190
\pgf@xb=\dimen191
\pgf@yb=\dimen192
\pgf@xc=\dimen193
\pgf@yc=\dimen194
\pgf@xd=\dimen195
\pgf@yd=\dimen196
\w@pgf@writea=\write3
\r@pgf@reada=\read2
\c@pgf@counta=\count311
\c@pgf@countb=\count312
\c@pgf@countc=\count313
\c@pgf@countd=\count314
\t@pgf@toka=\toks26
\t@pgf@tokb=\toks27
\t@pgf@tokc=\toks28
\pgf@sys@id@count=\count315
 (/usr/local/texlive/2026/texmf-dist/tex/generic/pgf/systemlayer/pgf.cfg
File: pgf.cfg 2026-08-01 v3.1.12 (3.1.12)
)
Driver file for pgf: pgfsys-pdftex.def
 (/usr/local/texlive/2026/texmf-dist/tex/generic/pgf/systemlayer/pgfsys-pdftex.def
File: pgfsys-pdftex.def 2026-08-01 v3.1.12 (3.1.12)
 (/usr/local/texlive/2026/texmf-dist/tex/generic/pgf/systemlayer/pgfsys-common-pdf.def
File: pgfsys-common-pdf.def 2026-08-01 v3.1.12 (3.1.12)
))) (/usr/local/texlive/2026/texmf-dist/tex/generic/pgf/systemlayer/pgfsyssoftpath.code.tex
File: pgfsyssoftpath.code.tex 2026-08-01 v3.1.12 (3.1.12)
\pgfsyssoftpath@smallbuffer@items=\count316
\pgfsyssoftpath@bigbuffer@items=\count317
) (/usr/local/texlive/2026/texmf-dist/tex/generic/pgf/systemlayer/pgfsysprotocol.code.tex
File: pgfsysprotocol.code.tex 2026-08-01 v3.1.12 (3.1.12)
)) (/usr/local/texlive/2026/texmf-dist/tex/latex/xcolor/xcolor.sty
Package: xcolor 2024/09/29 v3.02 LaTeX color extensions (UK)
 (/usr/local/texlive/2026/texmf-dist/tex/latex/graphics-cfg/color.cfg
File: color.cfg 2016/01/02 v1.6 sample color configuration
)
Package xcolor Info: Driver file: pdftex.def on input line 274.
 (/usr/local/texlive/2026/texmf-dist/tex/latex/graphics/mathcolor.ltx)
Package xcolor Info: Model `cmy' substituted by `cmy0' on input line 1349.
Package xcolor Info: Model `hsb' substituted by `rgb' on input line 1353.
Package xcolor Info: Model `RGB' extended on input line 1365.
Package xcolor Info: Model `HTML' substituted by `rgb' on input line 1367.
Package xcolor Info: Model `Hsb' substituted by `hsb' on input line 1368.
Package xcolor Info: Model `tHsb' substituted by `hsb' on input line 1369.
Package xcolor Info: Model `HSB' substituted by `hsb' on input line 1370.
Package xcolor Info: Model `Gray' substituted by `gray' on input line 1371.
Package xcolor Info: Model `wave' substituted by `hsb' on input line 1372.
) (/usr/local/texlive/2026/texmf-dist/tex/generic/pgf/basiclayer/pgfcore.code.tex
Package: pgfcore 2026-08-01 v3.1.12 (3.1.12)
 (/usr/local/texlive/2026/texmf-dist/tex/generic/pgf/math/pgfint.code.tex) (/usr/local/texlive/2026/texmf-dist/tex/generic/pgf/basiclayer/pgfcorepoints.code.tex
File: pgfcorepoints.code.tex 2026-08-01 v3.1.12 (3.1.12)
\pgf@picminx=\dimen197
\pgf@picmaxx=\dimen198
\pgf@picminy=\dimen199
\pgf@picmaxy=\dimen256
\pgf@pathminx=\dimen257
\pgf@pathmaxx=\dimen258
\pgf@pathminy=\dimen259
\pgf@pathmaxy=\dimen260
\pgf@xx=\dimen261
\pgf@xy=\dimen262
\pgf@yx=\dimen263
\pgf@yy=\dimen264
\pgf@zx=\dimen265
\pgf@zy=\dimen266
) (/usr/local/texlive/2026/texmf-dist/tex/generic/pgf/basiclayer/pgfcorepathconstruct.code.tex
File: pgfcorepathconstruct.code.tex 2026-08-01 v3.1.12 (3.1.12)
\pgf@path@lastx=\dimen267
\pgf@path@lasty=\dimen268
) (/usr/local/texlive/2026/texmf-dist/tex/generic/pgf/basiclayer/pgfcorepathusage.code.tex
File: pgfcorepathusage.code.tex 2026-08-01 v3.1.12 (3.1.12)
\pgf@shorten@end@additional=\dimen269
\pgf@shorten@start@additional=\dimen270
) (/usr/local/texlive/2026/texmf-dist/tex/generic/pgf/basiclayer/pgfcorescopes.code.tex
File: pgfcorescopes.code.tex 2026-08-01 v3.1.12 (3.1.12)
\pgfpic=\box64
\pgf@hbox=\box65
\pgf@layerbox@main=\box66
\pgf@picture@serial@count=\count318
) (/usr/local/texlive/2026/texmf-dist/tex/generic/pgf/basiclayer/pgfcoregraphicstate.code.tex
File: pgfcoregraphicstate.code.tex 2026-08-01 v3.1.12 (3.1.12)
\pgflinewidth=\dimen271
) (/usr/local/texlive/2026/texmf-dist/tex/generic/pgf/basiclayer/pgfcoretransformations.code.tex
File: pgfcoretransformations.code.tex 2026-08-01 v3.1.12 (3.1.12)
\pgf@pt@x=\dimen272
\pgf@pt@y=\dimen273
\pgf@pt@temp=\dimen274
) (/usr/local/texlive/2026/texmf-dist/tex/generic/pgf/basiclayer/pgfcorequick.code.tex
File: pgfcorequick.code.tex 2026-08-01 v3.1.12 (3.1.12)
) (/usr/local/texlive/2026/texmf-dist/tex/generic/pgf/basiclayer/pgfcoreobjects.code.tex
File: pgfcoreobjects.code.tex 2026-08-01 v3.1.12 (3.1.12)
) (/usr/local/texlive/2026/texmf-dist/tex/generic/pgf/basiclayer/pgfcorepathprocessing.code.tex
File: pgfcorepathprocessing.code.tex 2026-08-01 v3.1.12 (3.1.12)
) (/usr/local/texlive/2026/texmf-dist/tex/generic/pgf/basiclayer/pgfcorearrows.code.tex
File: pgfcorearrows.code.tex 2026-08-01 v3.1.12 (3.1.12)
\pgfarrowsep=\dimen275
) (/usr/local/texlive/2026/texmf-dist/tex/generic/pgf/basiclayer/pgfcoreshade.code.tex
File: pgfcoreshade.code.tex 2026-08-01 v3.1.12 (3.1.12)
\pgf@max=\dimen276
\pgf@sys@shading@range@num=\count319
\pgf@shadingcount=\count320
) (/usr/local/texlive/2026/texmf-dist/tex/generic/pgf/basiclayer/pgfcoreimage.code.tex
File: pgfcoreimage.code.tex 2026-08-01 v3.1.12 (3.1.12)
) (/usr/local/texlive/2026/texmf-dist/tex/generic/pgf/basiclayer/pgfcoreexternal.code.tex
File: pgfcoreexternal.code.tex 2026-08-01 v3.1.12 (3.1.12)
\pgfexternal@startupbox=\box67
) (/usr/local/texlive/2026/texmf-dist/tex/generic/pgf/basiclayer/pgfcorelayers.code.tex
File: pgfcorelayers.code.tex 2026-08-01 v3.1.12 (3.1.12)
) (/usr/local/texlive/2026/texmf-dist/tex/generic/pgf/basiclayer/pgfcoretransparency.code.tex
File: pgfcoretransparency.code.tex 2026-08-01 v3.1.12 (3.1.12)
) (/usr/local/texlive/2026/texmf-dist/tex/generic/pgf/basiclayer/pgfcorepatterns.code.tex
File: pgfcorepatterns.code.tex 2026-08-01 v3.1.12 (3.1.12)
) (/usr/local/texlive/2026/texmf-dist/tex/generic/pgf/basiclayer/pgfcorerdf.code.tex
File: pgfcorerdf.code.tex 2026-08-01 v3.1.12 (3.1.12)
))) (/usr/local/texlive/2026/texmf-dist/tex/latex/pgf/utilities/xxcolor.sty
Package: xxcolor 2003/10/24 ver 0.1
\XC@nummixins=\count321
\XC@countmixins=\count322
) (/usr/local/texlive/2026/texmf-dist/tex/latex/base/atbegshi-ltx.sty
Package: atbegshi-ltx 2021/01/10 v1.0c Emulation of the original atbegshi
package with kernel methods
) (/usr/local/texlive/2026/texmf-dist/tex/latex/hyperref/hyperref.sty
Package: hyperref 2026-06-17 v7.01r Hypertext links for LaTeX
 (/usr/local/texlive/2026/texmf-dist/tex/latex/kvsetkeys/kvsetkeys.sty
Package: kvsetkeys 2022-10-05 v1.19 Key value parser (HO)
) (/usr/local/texlive/2026/texmf-dist/tex/generic/kvdefinekeys/kvdefinekeys.sty
Package: kvdefinekeys 2019-12-19 v1.6 Define keys (HO)
) (/usr/local/texlive/2026/texmf-dist/tex/generic/pdfescape/pdfescape.sty
Package: pdfescape 2019/12/09 v1.15 Implements pdfTeX's escape features (HO)
 (/usr/local/texlive/2026/texmf-dist/tex/generic/ltxcmds/ltxcmds.sty
Package: ltxcmds 2023-12-04 v1.26 LaTeX kernel commands for general use (HO)
) (/usr/local/texlive/2026/texmf-dist/tex/generic/pdftexcmds/pdftexcmds.sty
Package: pdftexcmds 2020-06-27 v0.33 Utility functions of pdfTeX for LuaTeX (HO)
 (/usr/local/texlive/2026/texmf-dist/tex/generic/infwarerr/infwarerr.sty
Package: infwarerr 2019/12/03 v1.5 Providing info/warning/error messages (HO)
)
Package pdftexcmds Info: \pdf@primitive is available.
Package pdftexcmds Info: \pdf@ifprimitive is available.
Package pdftexcmds Info: \pdfdraftmode found.
)) (/usr/local/texlive/2026/texmf-dist/tex/latex/hycolor/hycolor.sty
Package: hycolor 2020-01-27 v1.10 Color options for hyperref/bookmark (HO)
) (/usr/local/texlive/2026/texmf-dist/tex/latex/hyperref/nameref.sty
Package: nameref 2026-01-29 v2.58 Cross-referencing by name of section
 (/usr/local/texlive/2026/texmf-dist/tex/latex/refcount/refcount.sty
Package: refcount 2019/12/15 v3.6 Data extraction from label references (HO)
) (/usr/local/texlive/2026/texmf-dist/tex/generic/gettitlestring/gettitlestring.sty
Package: gettitlestring 2019/12/15 v1.6 Cleanup title references (HO)
 (/usr/local/texlive/2026/texmf-dist/tex/latex/kvoptions/kvoptions.sty
Package: kvoptions 2022-06-15 v3.15 Key value format for package options (HO)
))
\c@section@level=\count323
) (/usr/local/texlive/2026/texmf-dist/tex/generic/stringenc/stringenc.sty
Package: stringenc 2019/11/29 v1.12 Convert strings between diff. encodings (HO)
)
\@linkdim=\dimen277
\Hy@linkcounter=\count324
\Hy@pagecounter=\count325
 (/usr/local/texlive/2026/texmf-dist/tex/latex/hyperref/pd1enc.def
File: pd1enc.def 2026-06-17 v7.01r Hyperref: PDFDocEncoding definition (HO)
Now handling font encoding PD1 ...
... no UTF-8 mapping file for font encoding PD1
) (/usr/local/texlive/2026/texmf-dist/tex/generic/intcalc/intcalc.sty
Package: intcalc 2019/12/15 v1.3 Expandable calculations with integers (HO)
)
\Hy@SavedSpaceFactor=\count326
 (/usr/local/texlive/2026/texmf-dist/tex/latex/hyperref/puenc.def
File: puenc.def 2026-06-17 v7.01r Hyperref: PDF Unicode definition (HO)
Now handling font encoding PU ...
... no UTF-8 mapping file for font encoding PU
)
Package hyperref Info: Option `bookmarks' set `true' on input line 4070.
Package hyperref Info: Option `bookmarksopen' set `true' on input line 4070.
Package hyperref Info: Option `implicit' set `false' on input line 4070.
Package hyperref Info: Hyper figures OFF on input line 4199.
Package hyperref Info: Link nesting OFF on input line 4204.
Package hyperref Info: Hyper index ON on input line 4207.
Package hyperref Info: Plain pages OFF on input line 4214.
Package hyperref Info: Backreferencing OFF on input line 4219.
Package hyperref Info: Implicit mode OFF; no redefinition of LaTeX internals.
Package hyperref Info: Bookmarks ON on input line 4466.
\c@Hy@tempcnt=\count327
 (/usr/local/texlive/2026/texmf-dist/tex/latex/url/url.sty
\Urlmuskip=\muskip17
Package: url 2013/09/16  ver 3.4  Verb mode for urls, etc.
)
LaTeX Info: Redefining \url on input line 4805.
\XeTeXLinkMargin=\dimen278
 (/usr/local/texlive/2026/texmf-dist/tex/generic/bitset/bitset.sty
Package: bitset 2019/12/09 v1.3 Handle bit-vector datatype (HO)
 (/usr/local/texlive/2026/texmf-dist/tex/generic/bigintcalc/bigintcalc.sty
Package: bigintcalc 2019/12/15 v1.5 Expandable calculations on big integers (HO)
))
\Fld@menulength=\count328
\Field@Width=\dimen279
\Fld@charsize=\dimen280
Package hyperref Info: Hyper figures OFF on input line 6091.
Package hyperref Info: Link nesting OFF on input line 6096.
Package hyperref Info: Hyper index ON on input line 6099.
Package hyperref Info: backreferencing OFF on input line 6106.
Package hyperref Info: Link coloring OFF on input line 6111.
Package hyperref Info: Link coloring with OCG OFF on input line 6116.
Package hyperref Info: PDF/A mode OFF on input line 6121.
\Hy@abspage=\count329


Package hyperref Message: Stopped early.

)
Package hyperref Info: Driver (autodetected): hpdftex.
 (/usr/local/texlive/2026/texmf-dist/tex/latex/hyperref/hpdftex.def
File: hpdftex.def 2026-06-17 v7.01r Hyperref driver for pdfTeX
\Fld@listcount=\count330
\c@bookmark@seq@number=\count331
 (/usr/local/texlive/2026/texmf-dist/tex/latex/rerunfilecheck/rerunfilecheck.sty
Package: rerunfilecheck 2025-06-21 v1.11 Rerun checks for auxiliary files (HO)
 (/usr/local/texlive/2026/texmf-dist/tex/generic/uniquecounter/uniquecounter.sty
Package: uniquecounter 2019/12/15 v1.4 Provide unlimited unique counter (HO)
)
Package uniquecounter Info: New unique counter `rerunfilecheck' on input line 284.
)) (/usr/local/texlive/2026/texmf-dist/tex/latex/beamer/beamerbaserequires.sty (/usr/local/texlive/2026/texmf-dist/tex/latex/beamer/beamerbasecompatibility.sty) (/usr/local/texlive/2026/texmf-dist/tex/latex/beamer/beamerbasefont.sty (/usr/local/texlive/2026/texmf-dist/tex/latex/amsfonts/amssymb.sty
Package: amssymb 2013/01/14 v3.01 AMS font symbols
 (/usr/local/texlive/2026/texmf-dist/tex/latex/amsfonts/amsfonts.sty
Package: amsfonts 2013/01/14 v3.01 Basic AMSFonts support
\@emptytoks=\toks29
\symAMSa=\mathgroup4
\symAMSb=\mathgroup5
LaTeX Font Info:    Redeclaring math symbol \hbar on input line 98.
LaTeX Font Info:    Overwriting math alphabet `\mathfrak' in version `bold'
(Font)                  U/euf/m/n --> U/euf/b/n on input line 106.
)) (/usr/local/texlive/2026/texmf-dist/tex/latex/sansmathaccent/sansmathaccent.sty
Package: sansmathaccent 2020/01/31
 (/usr/local/texlive/2026/texmf-dist/tex/latex/koma-script/scrlfile.sty
Package: scrlfile 2026/02/02 v3.49.2 KOMA-Script package (file load hooks)
 (/usr/local/texlive/2026/texmf-dist/tex/latex/koma-script/scrlfile-hook.sty
Package: scrlfile-hook 2026/02/02 v3.49.2 KOMA-Script package (using LaTeX hooks)
 (/usr/local/texlive/2026/texmf-dist/tex/latex/koma-script/scrlogo.sty
Package: scrlogo 2026/02/02 v3.49.2 KOMA-Script package (logo)
))))) (/usr/local/texlive/2026/texmf-dist/tex/latex/beamer/beamerbasetranslator.sty (/usr/local/texlive/2026/texmf-dist/tex/latex/translator/translator.sty
Package: translator 2021-05-31 v1.12d Easy translation of strings in LaTeX
)) (/usr/local/texlive/2026/texmf-dist/tex/latex/beamer/beamerbasemisc.sty) (/usr/local/texlive/2026/texmf-dist/tex/latex/beamer/beamerbasetwoscreens.sty) (/usr/local/texlive/2026/texmf-dist/tex/latex/beamer/beamerbaseoverlay.sty
\beamer@argscount=\count332
\beamer@lastskipcover=\skip52
\beamer@trivlistdepth=\count333
) (/usr/local/texlive/2026/texmf-dist/tex/latex/beamer/beamerbasetitle.sty) (/usr/local/texlive/2026/texmf-dist/tex/latex/beamer/beamerbasesection.sty
\c@lecture=\count334
\c@part=\count335
\c@section=\count336
\c@subsection=\count337
\c@subsubsection=\count338
) (/usr/local/texlive/2026/texmf-dist/tex/latex/beamer/beamerbaseframe.sty
\beamer@framebox=\box68
\beamer@frametitlebox=\box69
\beamer@zoombox=\box70
\beamer@zoomcount=\count339
\beamer@zoomframecount=\count340
\beamer@frametextheight=\dimen281
\c@subsectionslide=\count341
\beamer@frametopskip=\skip53
\beamer@framebottomskip=\skip54
\beamer@frametopskipautobreak=\skip55
\beamer@framebottomskipautobreak=\skip56
\beamer@envbody=\toks30
\framewidth=\dimen282
\c@framenumber=\count342
) (/usr/local/texlive/2026/texmf-dist/tex/latex/beamer/beamerbaseverbatim.sty
\beamer@verbatimfileout=\write4
) (/usr/local/texlive/2026/texmf-dist/tex/latex/beamer/beamerbaseframesize.sty
\beamer@splitbox=\box71
\beamer@autobreakcount=\count343
\beamer@autobreaklastheight=\dimen283
\beamer@frametitletoks=\toks31
\beamer@framesubtitletoks=\toks32
) (/usr/local/texlive/2026/texmf-dist/tex/latex/beamer/beamerbaseframecomponents.sty
\beamer@colheight=\skip57
\beamer@footins=\box72
) (/usr/local/texlive/2026/texmf-dist/tex/latex/beamer/beamerbasecolor.sty) (/usr/local/texlive/2026/texmf-dist/tex/latex/beamer/beamerbasenotes.sty
\beamer@frameboxcopy=\box73
) (/usr/local/texlive/2026/texmf-dist/tex/latex/beamer/beamerbasetoc.sty) (/usr/local/texlive/2026/texmf-dist/tex/latex/beamer/beamerbasetemplates.sty
\beamer@sbttoks=\toks33
 (/usr/local/texlive/2026/texmf-dist/tex/latex/beamer/beamerbaseauxtemplates.sty (/usr/local/texlive/2026/texmf-dist/tex/latex/beamer/beamerbaseboxes.sty
\bmb@box=\box74
\bmb@colorbox=\box75
\bmb@boxwidth=\dimen284
\bmb@boxheight=\dimen285
\bmb@prevheight=\dimen286
\bmb@temp=\dimen287
\bmb@dima=\dimen288
\bmb@dimb=\dimen289
\bmb@prevheight=\dimen290
)
\beamer@blockheadheight=\dimen291
)) (/usr/local/texlive/2026/texmf-dist/tex/latex/beamer/beamerbaselocalstructure.sty (/usr/local/texlive/2026/texmf-dist/tex/latex/tools/enumerate.sty
Package: enumerate 2023/07/04 v3.00 enumerate extensions (DPC)
\@enLab=\toks34
)
\beamer@bibiconwidth=\skip58
\c@figure=\count344
\c@table=\count345
\abovecaptionskip=\skip59
\belowcaptionskip=\skip60
) (/usr/local/texlive/2026/texmf-dist/tex/latex/beamer/beamerbasenavigation.sty (/usr/local/texlive/2026/texmf-dist/tex/latex/beamer/beamerbasenavigationsymbols.tex)
\beamer@section@min@dim=\dimen292
) (/usr/local/texlive/2026/texmf-dist/tex/latex/beamer/beamerbasetheorems.sty (/usr/local/texlive/2026/texmf-dist/tex/latex/amsmath/amsmath.sty
Package: amsmath 2026/05/19 v2.18d AMS math features
\@mathmargin=\skip61

For additional information on amsmath, use the `?' option.
(/usr/local/texlive/2026/texmf-dist/tex/latex/amsmath/amstext.sty
Package: amstext 2024/11/17 v2.01 AMS text
 (/usr/local/texlive/2026/texmf-dist/tex/latex/amsmath/amsgen.sty
File: amsgen.sty 1999/11/30 v2.0 generic functions
\@emptytoks=\toks35
\ex@=\dimen293
)) (/usr/local/texlive/2026/texmf-dist/tex/latex/amsmath/amsbsy.sty
Package: amsbsy 1999/11/29 v1.2d Bold Symbols
\pmbraise@=\dimen294
) (/usr/local/texlive/2026/texmf-dist/tex/latex/amsmath/amsopn.sty
Package: amsopn 2022/04/08 v2.04 operator names
)
\inf@bad=\count346
LaTeX Info: Redefining \frac on input line 233.
\uproot@=\count347
\leftroot@=\count348
LaTeX Info: Redefining \overline on input line 398.
LaTeX Info: Redefining \colon on input line 409.
\classnum@=\count349
\DOTSCASE@=\count350
LaTeX Info: Redefining \ldots on input line 495.
LaTeX Info: Redefining \dots on input line 498.
LaTeX Info: Redefining \cdots on input line 619.
\Mathstrutbox@=\box76
\strutbox@=\box77
LaTeX Info: Redefining \big on input line 721.
LaTeX Info: Redefining \Big on input line 722.
LaTeX Info: Redefining \bigg on input line 723.
LaTeX Info: Redefining \Bigg on input line 724.
\big@size=\dimen295
LaTeX Font Info:    Redeclaring font encoding OML on input line 742.
LaTeX Font Info:    Redeclaring font encoding OMS on input line 743.
\macc@depth=\count351
LaTeX Info: Redefining \bmod on input line 904.
LaTeX Info: Redefining \pmod on input line 909.
LaTeX Info: Redefining \smash on input line 939.
LaTeX Info: Redefining \relbar on input line 969.
LaTeX Info: Redefining \Relbar on input line 970.
\c@MaxMatrixCols=\count352
\dotsspace@=\muskip18
\c@parentequation=\count353
\dspbrk@lvl=\count354
\tag@help=\toks36
\row@=\count355
\column@=\count356
\maxfields@=\count357
\andhelp@=\toks37
\eqnshift@=\dimen296
\alignsep@=\dimen297
\tagshift@=\dimen298
\tagwidth@=\dimen299
\totwidth@=\dimen300
\lineht@=\dimen301
\@envbody=\toks38
\multlinegap=\skip62
\multlinetaggap=\skip63
\mathdisplay@stack=\toks39
LaTeX Info: Redefining \[ on input line 2965.
LaTeX Info: Redefining \] on input line 2966.
) (/usr/local/texlive/2026/texmf-dist/tex/latex/amscls/amsthm.sty
Package: amsthm 2020/05/29 v2.20.6
\thm@style=\toks40
\thm@bodyfont=\toks41
\thm@headfont=\toks42
\thm@notefont=\toks43
\thm@headpunct=\toks44
\thm@preskip=\skip64
\thm@postskip=\skip65
\thm@headsep=\skip66
\dth@everypar=\toks45
)
\c@theorem=\count358
) (/usr/local/texlive/2026/texmf-dist/tex/latex/beamer/beamerbasethemes.sty)) (/usr/local/texlive/2026/texmf-dist/tex/latex/beamer/beamerthemedefault.sty (/usr/local/texlive/2026/texmf-dist/tex/latex/beamer/beamerfontthemedefault.sty) (/usr/local/texlive/2026/texmf-dist/tex/latex/beamer/beamercolorthemedefault.sty) (/usr/local/texlive/2026/texmf-dist/tex/latex/beamer/beamerinnerthemedefault.sty
\beamer@dima=\dimen302
\beamer@dimb=\dimen303
) (/usr/local/texlive/2026/texmf-dist/tex/latex/beamer/beamerouterthemedefault.sty))) (/usr/local/texlive/2026/texmf-dist/tex/latex/animate/animate.sty
Package: animate 2024/10/14 PDF & SVG animations from files and inline graphics
 (/usr/local/texlive/2026/texmf-dist/tex/latex/base/ifthen.sty
Package: ifthen 2024/03/16 v1.1e Standard LaTeX ifthen package (DPC)
) (/usr/local/texlive/2026/texmf-dist/tex/latex/oberdiek/ifdraft.sty
Package: ifdraft 2016/05/16 v1.4 Detect class options draft and final (HO)
) (/usr/local/texlive/2026/texmf-dist/tex/latex/tools/calc.sty
Package: calc 2025/03/01 v4.3b Infix arithmetic (KKT,FJ)
\calc@Acount=\count359
\calc@Bcount=\count360
\calc@Adimen=\dimen304
\calc@Bdimen=\dimen305
\calc@Askip=\skip67
\calc@Bskip=\skip68
LaTeX Info: Redefining \setlength on input line 86.
LaTeX Info: Redefining \addtolength on input line 87.
\calc@Ccount=\count361
\calc@Cskip=\skip69
) (/usr/local/texlive/2026/texmf-dist/tex/latex/media9/pdfbase.sty
Package: pdfbase 2024/09/16 v0.59 driver independent access to low-level PDF features
 (/usr/local/texlive/2026/texmf-dist/tex/latex/l3backend/l3backend-pdftex.def
File: l3backend-pdftex.def 2026-07-20 L3 backend support: PDF output (pdfTeX)
\l__color_backend_stack_int=\count362
)
\g_pbs_page_int=\count363
\g_pbs_oc_int=\count364
) (/usr/local/texlive/2026/texmf-dist/tex/latex/zref/zref-abspage.sty
Package: zref-abspage 2026-03-07 v2.37 Module abspage for zref (HO)
 (/usr/local/texlive/2026/texmf-dist/tex/latex/zref/zref-base.sty
Package: zref-base 2026-03-07 v2.37 Module base for zref (HO)
 (/usr/local/texlive/2026/texmf-dist/tex/generic/etexcmds/etexcmds.sty
Package: etexcmds 2019/12/15 v1.7 Avoid name clashes with e-TeX commands (HO)
) (/usr/local/texlive/2026/texmf-dist/tex/latex/auxhook/auxhook.sty
Package: auxhook 2019-12-17 v1.6 Hooks for auxiliary files (HO)
)
Package zref Info: New property list: main on input line 767.
Package zref Info: New property: default on input line 768.
Package zref Info: New property: page on input line 769.
)
\c@abspage=\count365
Package zref Info: New property: abspage on input line 67.
) (/usr/local/texlive/2026/texmf-dist/tex/latex/ocgx2/ocgbase.sty
Package: ocgbase 2024/09/15 v0.24 support package for ocgx2.sty
)
\@anim@box=\box78
\@anim@measbox=\box79
\@anim@tmpdima=\dimen306
\@anim@tmpdimb=\dimen307
\@anim@num=\count366
\@anim@curframe=\count367
\@anim@curframe@zb=\count368
\@anim@resizeflags=\count369
\@anim@skipfram=\count370
\@anim@mulframecnt=\count371
\@anim@@tmlnfile=\read3
\@anim@tmpcnt=\count372
\c@@anim@ltxcnt=\count373
\@anim@curlayer=\count374
\@anim@lineno=\count375
\@anim@curfield=\count376
\@anim@@resizeflags=\count377
) (./backprop_gradient_demo.aux)
\openout1 = `backprop_gradient_demo.aux'.

LaTeX Font Info:    Checking defaults for OML/cmm/m/it on input line 5.
LaTeX Font Info:    ... okay on input line 5.
LaTeX Font Info:    Checking defaults for OMS/cmsy/m/n on input line 5.
LaTeX Font Info:    ... okay on input line 5.
LaTeX Font Info:    Checking defaults for OT1/cmr/m/n on input line 5.
LaTeX Font Info:    ... okay on input line 5.
LaTeX Font Info:    Checking defaults for T1/cmr/m/n on input line 5.
LaTeX Font Info:    ... okay on input line 5.
LaTeX Font Info:    Checking defaults for TS1/cmr/m/n on input line 5.
LaTeX Font Info:    ... okay on input line 5.
LaTeX Font Info:    Checking defaults for OMX/cmex/m/n on input line 5.
LaTeX Font Info:    ... okay on input line 5.
LaTeX Font Info:    Checking defaults for U/cmr/m/n on input line 5.
LaTeX Font Info:    ... okay on input line 5.
LaTeX Font Info:    Checking defaults for PD1/pdf/m/n on input line 5.
LaTeX Font Info:    ... okay on input line 5.
LaTeX Font Info:    Checking defaults for PU/pdf/m/n on input line 5.
LaTeX Font Info:    ... okay on input line 5.

*geometry* driver: auto-detecting
*geometry* detected driver: pdftex
*geometry* verbose mode - [ preamble ] result:
* driver: pdftex
* paper: custom
* layout: <same size as paper>
* layoutoffset:(h,v)=(0.0pt,0.0pt)
* modes: includehead includefoot 
* h-part:(L,W,R)=(28.45274pt, 398.3386pt, 28.45274pt)
* v-part:(T,H,B)=(0.0pt, 256.0748pt, 0.0pt)
* \paperwidth=455.24408pt
* \paperheight=256.0748pt
* \textwidth=398.3386pt
* \textheight=227.62207pt
* \oddsidemargin=-43.81725pt
* \evensidemargin=-43.81725pt
* \topmargin=-72.26999pt
* \headheight=14.22636pt
* \headsep=0.0pt
* \topskip=11.0pt
* \footskip=14.22636pt
* \marginparwidth=4.0pt
* \marginparsep=10.0pt
* \columnsep=10.0pt
* \skip\footins=10.0pt plus 4.0pt minus 2.0pt
* \hoffset=0.0pt
* \voffset=0.0pt
* \mag=1000
* \@twocolumnfalse
* \@twosidefalse
* \@mparswitchfalse
* \@reversemarginfalse
* (1in=72.27pt=25.4mm, 1cm=28.453pt)

(/usr/local/texlive/2026/texmf-dist/tex/context/base/mkii/supp-pdf.mkii
[Loading MPS to PDF converter (version 2006.09.02).]
\scratchcounter=\count378
\scratchdimen=\dimen308
\scratchbox=\box80
\nofMPsegments=\count379
\nofMParguments=\count380
\everyMPshowfont=\toks46
\MPscratchCnt=\count381
\MPscratchDim=\dimen309
\MPnumerator=\count382
\makeMPintoPDFobject=\count383
\everyMPtoPDFconversion=\toks47
) (/usr/local/texlive/2026/texmf-dist/tex/latex/epstopdf-pkg/epstopdf-base.sty
Package: epstopdf-base 2020-01-24 v2.11 Base part for package epstopdf
Package epstopdf-base Info: Redefining graphics rule for `.eps' on input line 485.
 (/usr/local/texlive/2026/texmf-dist/tex/latex/latexconfig/epstopdf-sys.cfg
File: epstopdf-sys.cfg 2010/07/13 v1.3 Configuration of (r)epstopdf for TeX Live
))
Package hyperref Info: Link coloring OFF on input line 5.
 (./backprop_gradient_demo.out) (./backprop_gradient_demo.out)
\@outlinefile=\write5
\openout5 = `backprop_gradient_demo.out'.

LaTeX Font Info:    Overwriting symbol font `operators' in version `normal'
(Font)                  OT1/cmr/m/n --> OT1/cmss/m/n on input line 5.
LaTeX Font Info:    Overwriting symbol font `operators' in version `bold'
(Font)                  OT1/cmr/bx/n --> OT1/cmss/b/n on input line 5.
\symnumbers=\mathgroup6
\sympureletters=\mathgroup7
LaTeX Font Info:    Overwriting math alphabet `\mathrm' in version `normal'
(Font)                  OT1/cmss/m/n --> OT1/cmr/m/n on input line 5.
LaTeX Font Info:    Redeclaring math alphabet \mathbf on input line 5.
LaTeX Font Info:    Overwriting math alphabet `\mathbf' in version `normal'
(Font)                  OT1/cmr/bx/n --> OT1/cmss/b/n on input line 5.
LaTeX Font Info:    Overwriting math alphabet `\mathbf' in version `bold'
(Font)                  OT1/cmr/bx/n --> OT1/cmss/b/n on input line 5.
LaTeX Font Info:    Redeclaring math alphabet \mathsf on input line 5.
LaTeX Font Info:    Overwriting math alphabet `\mathsf' in version `normal'
(Font)                  OT1/cmss/m/n --> OT1/cmss/m/n on input line 5.
LaTeX Font Info:    Overwriting math alphabet `\mathsf' in version `bold'
(Font)                  OT1/cmss/bx/n --> OT1/cmss/m/n on input line 5.
LaTeX Font Info:    Redeclaring math alphabet \mathit on input line 5.
LaTeX Font Info:    Overwriting math alphabet `\mathit' in version `normal'
(Font)                  OT1/cmr/m/it --> OT1/cmss/m/it on input line 5.
LaTeX Font Info:    Overwriting math alphabet `\mathit' in version `bold'
(Font)                  OT1/cmr/bx/it --> OT1/cmss/m/it on input line 5.
LaTeX Font Info:    Redeclaring math alphabet \mathtt on input line 5.
LaTeX Font Info:    Overwriting math alphabet `\mathtt' in version `normal'
(Font)                  OT1/cmtt/m/n --> OT1/cmtt/m/n on input line 5.
LaTeX Font Info:    Overwriting math alphabet `\mathtt' in version `bold'
(Font)                  OT1/cmtt/m/n --> OT1/cmtt/m/n on input line 5.
LaTeX Font Info:    Overwriting symbol font `numbers' in version `bold'
(Font)                  OT1/cmss/m/n --> OT1/cmss/b/n on input line 5.
LaTeX Font Info:    Overwriting symbol font `pureletters' in version `bold'
(Font)                  OT1/cmss/m/it --> OT1/cmss/b/it on input line 5.
LaTeX Font Info:    Overwriting math alphabet `\mathrm' in version `bold'
(Font)                  OT1/cmss/b/n --> OT1/cmr/b/n on input line 5.
LaTeX Font Info:    Overwriting math alphabet `\mathbf' in version `bold'
(Font)                  OT1/cmss/b/n --> OT1/cmss/b/n on input line 5.
LaTeX Font Info:    Overwriting math alphabet `\mathsf' in version `bold'
(Font)                  OT1/cmss/m/n --> OT1/cmss/b/n on input line 5.
LaTeX Font Info:    Overwriting math alphabet `\mathit' in version `bold'
(Font)                  OT1/cmss/m/it --> OT1/cmss/b/it on input line 5.
LaTeX Font Info:    Overwriting math alphabet `\mathtt' in version `bold'
(Font)                  OT1/cmtt/m/n --> OT1/cmtt/b/n on input line 5.
LaTeX Font Info:    Redeclaring symbol font `pureletters' on input line 5.
LaTeX Font Info:    Overwriting symbol font `pureletters' in version `normal'
(Font)                  OT1/cmss/m/it --> OT1/mathkerncmss/m/sl on input line 5.
LaTeX Font Info:    Overwriting symbol font `pureletters' in version `bold'
(Font)                  OT1/cmss/b/it --> OT1/mathkerncmss/m/sl on input line 5.
LaTeX Font Info:    Overwriting symbol font `pureletters' in version `bold'
(Font)                  OT1/mathkerncmss/m/sl --> OT1/mathkerncmss/bx/sl on input line 5.
 (/usr/local/texlive/2026/texmf-dist/tex/latex/translator/translator-basic-dictionary-English.dict
Dictionary: translator-basic-dictionary, Language: English 
) (/usr/local/texlive/2026/texmf-dist/tex/latex/translator/translator-bibliography-dictionary-English.dict
Dictionary: translator-bibliography-dictionary, Language: English 
) (/usr/local/texlive/2026/texmf-dist/tex/latex/translator/translator-environment-dictionary-English.dict
Dictionary: translator-environment-dictionary, Language: English 
) (/usr/local/texlive/2026/texmf-dist/tex/latex/translator/translator-months-dictionary-English.dict
Dictionary: translator-months-dictionary, Language: English 
) (/usr/local/texlive/2026/texmf-dist/tex/latex/translator/translator-numbers-dictionary-English.dict
Dictionary: translator-numbers-dictionary, Language: English 
) (/usr/local/texlive/2026/texmf-dist/tex/latex/translator/translator-theorem-dictionary-English.dict
Dictionary: translator-theorem-dictionary, Language: English 
) (./backprop_gradient_demo.nav)
<backprop_gradient_frames/gradient-000.png, id=13, 1284.8pt x 722.7pt>
File: backprop_gradient_frames/gradient-000.png Graphic file (type png)
<use backprop_gradient_frames/gradient-000.png>
Package pdftex.def Info: backprop_gradient_frames/gradient-000.png  used on input line 14.
(pdftex.def)             Requested size: 1284.79688pt x 722.69823pt.
 <./backprop_gradient_frames/gradient-000.png> <a0,fr0>
<backprop_gradient_frames/gradient-001.png, id=18, 1284.8pt x 722.7pt>
File: backprop_gradient_frames/gradient-001.png Graphic file (type png)
<use backprop_gradient_frames/gradient-001.png>
Package pdftex.def Info: backprop_gradient_frames/gradient-001.png  used on input line 14.
(pdftex.def)             Requested size: 1284.79688pt x 722.69823pt.
 <./backprop_gradient_frames/gradient-001.png> <a0,fr1>
<backprop_gradient_frames/gradient-002.png, id=22, 1284.8pt x 722.7pt>
File: backprop_gradient_frames/gradient-002.png Graphic file (type png)
<use backprop_gradient_frames/gradient-002.png>
Package pdftex.def Info: backprop_gradient_frames/gradient-002.png  used on input line 14.
(pdftex.def)             Requested size: 1284.79688pt x 722.69823pt.
 <./backprop_gradient_frames/gradient-002.png> <a0,fr2>
<backprop_gradient_frames/gradient-003.png, id=26, 1284.8pt x 722.7pt>
File: backprop_gradient_frames/gradient-003.png Graphic file (type png)
<use backprop_gradient_frames/gradient-003.png>
Package pdftex.def Info: backprop_gradient_frames/gradient-003.png  used on input line 14.
(pdftex.def)             Requested size: 1284.79688pt x 722.69823pt.
 <./backprop_gradient_frames/gradient-003.png> <a0,fr3>
<backprop_gradient_frames/gradient-004.png, id=30, 1284.8pt x 722.7pt>
File: backprop_gradient_frames/gradient-004.png Graphic file (type png)
<use backprop_gradient_frames/gradient-004.png>
Package pdftex.def Info: backprop_gradient_frames/gradient-004.png  used on input line 14.
(pdftex.def)             Requested size: 1284.79688pt x 722.69823pt.
 <./backprop_gradient_frames/gradient-004.png> <a0,fr4>
<backprop_gradient_frames/gradient-005.png, id=34, 1284.8pt x 722.7pt>
File: backprop_gradient_frames/gradient-005.png Graphic file (type png)
<use backprop_gradient_frames/gradient-005.png>
Package pdftex.def Info: backprop_gradient_frames/gradient-005.png  used on input line 14.
(pdftex.def)             Requested size: 1284.79688pt x 722.69823pt.
 <./backprop_gradient_frames/gradient-005.png> <a0,fr5>
<backprop_gradient_frames/gradient-006.png, id=38, 1284.8pt x 722.7pt>
File: backprop_gradient_frames/gradient-006.png Graphic file (type png)
<use backprop_gradient_frames/gradient-006.png>
Package pdftex.def Info: backprop_gradient_frames/gradient-006.png  used on input line 14.
(pdftex.def)             Requested size: 1284.79688pt x 722.69823pt.
 <./backprop_gradient_frames/gradient-006.png> <a0,fr6>
<backprop_gradient_frames/gradient-007.png, id=42, 1284.8pt x 722.7pt>
File: backprop_gradient_frames/gradient-007.png Graphic file (type png)
<use backprop_gradient_frames/gradient-007.png>
Package pdftex.def Info: backprop_gradient_frames/gradient-007.png  used on input line 14.
(pdftex.def)             Requested size: 1284.79688pt x 722.69823pt.
 <./backprop_gradient_frames/gradient-007.png> <a0,fr7>
<backprop_gradient_frames/gradient-008.png, id=46, 1284.8pt x 722.7pt>
File: backprop_gradient_frames/gradient-008.png Graphic file (type png)
<use backprop_gradient_frames/gradient-008.png>
Package pdftex.def Info: backprop_gradient_frames/gradient-008.png  used on input line 14.
(pdftex.def)             Requested size: 1284.79688pt x 722.69823pt.
 <./backprop_gradient_frames/gradient-008.png> <a0,fr8>
<backprop_gradient_frames/gradient-009.png, id=50, 1284.8pt x 722.7pt>
File: backprop_gradient_frames/gradient-009.png Graphic file (type png)
<use backprop_gradient_frames/gradient-009.png>
Package pdftex.def Info: backprop_gradient_frames/gradient-009.png  used on input line 14.
(pdftex.def)             Requested size: 1284.79688pt x 722.69823pt.
 <./backprop_gradient_frames/gradient-009.png> <a0,fr9>
<backprop_gradient_frames/gradient-010.png, id=54, 1284.8pt x 722.7pt>
File: backprop_gradient_frames/gradient-010.png Graphic file (type png)
<use backprop_gradient_frames/gradient-010.png>
Package pdftex.def Info: backprop_gradient_frames/gradient-010.png  used on input line 14.
(pdftex.def)             Requested size: 1284.79688pt x 722.69823pt.
 <./backprop_gradient_frames/gradient-010.png> <a0,fr10>
<backprop_gradient_frames/gradient-011.png, id=58, 1284.8pt x 722.7pt>
File: backprop_gradient_frames/gradient-011.png Graphic file (type png)
<use backprop_gradient_frames/gradient-011.png>
Package pdftex.def Info: backprop_gradient_frames/gradient-011.png  used on input line 14.
(pdftex.def)             Requested size: 1284.79688pt x 722.69823pt.
 <./backprop_gradient_frames/gradient-011.png> <a0,fr11>
<backprop_gradient_frames/gradient-012.png, id=62, 1284.8pt x 722.7pt>
File: backprop_gradient_frames/gradient-012.png Graphic file (type png)
<use backprop_gradient_frames/gradient-012.png>
Package pdftex.def Info: backprop_gradient_frames/gradient-012.png  used on input line 14.
(pdftex.def)             Requested size: 1284.79688pt x 722.69823pt.
 <./backprop_gradient_frames/gradient-012.png> <a0,fr12> <a0,fr13> <a0,fr14> <a0,fr15>
<backprop_gradient_frames/gradient-016.png, id=66, 1284.8pt x 722.7pt>
File: backprop_gradient_frames/gradient-016.png Graphic file (type png)
<use backprop_gradient_frames/gradient-016.png>
Package pdftex.def Info: backprop_gradient_frames/gradient-016.png  used on input line 14.
(pdftex.def)             Requested size: 1284.79688pt x 722.69823pt.
 <./backprop_gradient_frames/gradient-016.png> <a0,fr16>
<backprop_gradient_frames/gradient-017.png, id=70, 1284.8pt x 722.7pt>
File: backprop_gradient_frames/gradient-017.png Graphic file (type png)
<use backprop_gradient_frames/gradient-017.png>
Package pdftex.def Info: backprop_gradient_frames/gradient-017.png  used on input line 14.
(pdftex.def)             Requested size: 1284.79688pt x 722.69823pt.
 <./backprop_gradient_frames/gradient-017.png> <a0,fr17>
<backprop_gradient_frames/gradient-018.png, id=74, 1284.8pt x 722.7pt>
File: backprop_gradient_frames/gradient-018.png Graphic file (type png)
<use backprop_gradient_frames/gradient-018.png>
Package pdftex.def Info: backprop_gradient_frames/gradient-018.png  used on input line 14.
(pdftex.def)             Requested size: 1284.79688pt x 722.69823pt.
 <./backprop_gradient_frames/gradient-018.png> <a0,fr18>
<backprop_gradient_frames/gradient-019.png, id=78, 1284.8pt x 722.7pt>
File: backprop_gradient_frames/gradient-019.png Graphic file (type png)
<use backprop_gradient_frames/gradient-019.png>
Package pdftex.def Info: backprop_gradient_frames/gradient-019.png  used on input line 14.
(pdftex.def)             Requested size: 1284.79688pt x 722.69823pt.
 <./backprop_gradient_frames/gradient-019.png> <a0,fr19>
<backprop_gradient_frames/gradient-020.png, id=82, 1284.8pt x 722.7pt>
File: backprop_gradient_frames/gradient-020.png Graphic file (type png)
<use backprop_gradient_frames/gradient-020.png>
Package pdftex.def Info: backprop_gradient_frames/gradient-020.png  used on input line 14.
(pdftex.def)             Requested size: 1284.79688pt x 722.69823pt.
 <./backprop_gradient_frames/gradient-020.png> <a0,fr20>
<backprop_gradient_frames/gradient-021.png, id=86, 1284.8pt x 722.7pt>
File: backprop_gradient_frames/gradient-021.png Graphic file (type png)
<use backprop_gradient_frames/gradient-021.png>
Package pdftex.def Info: backprop_gradient_frames/gradient-021.png  used on input line 14.
(pdftex.def)             Requested size: 1284.79688pt x 722.69823pt.
 <./backprop_gradient_frames/gradient-021.png> <a0,fr21>
<backprop_gradient_frames/gradient-022.png, id=90, 1284.8pt x 722.7pt>
File: backprop_gradient_frames/gradient-022.png Graphic file (type png)
<use backprop_gradient_frames/gradient-022.png>
Package pdftex.def Info: backprop_gradient_frames/gradient-022.png  used on input line 14.
(pdftex.def)             Requested size: 1284.79688pt x 722.69823pt.
 <./backprop_gradient_frames/gradient-022.png> <a0,fr22>
<backprop_gradient_frames/gradient-023.png, id=94, 1284.8pt x 722.7pt>
File: backprop_gradient_frames/gradient-023.png Graphic file (type png)
<use backprop_gradient_frames/gradient-023.png>
Package pdftex.def Info: backprop_gradient_frames/gradient-023.png  used on input line 14.
(pdftex.def)             Requested size: 1284.79688pt x 722.69823pt.
 <./backprop_gradient_frames/gradient-023.png> <a0,fr23>
<backprop_gradient_frames/gradient-024.png, id=98, 1284.8pt x 722.7pt>
File: backprop_gradient_frames/gradient-024.png Graphic file (type png)
<use backprop_gradient_frames/gradient-024.png>
Package pdftex.def Info: backprop_gradient_frames/gradient-024.png  used on input line 14.
(pdftex.def)             Requested size: 1284.79688pt x 722.69823pt.
 <./backprop_gradient_frames/gradient-024.png> <a0,fr24>
<backprop_gradient_frames/gradient-025.png, id=102, 1284.8pt x 722.7pt>
File: backprop_gradient_frames/gradient-025.png Graphic file (type png)
<use backprop_gradient_frames/gradient-025.png>
Package pdftex.def Info: backprop_gradient_frames/gradient-025.png  used on input line 14.
(pdftex.def)             Requested size: 1284.79688pt x 722.69823pt.
 <./backprop_gradient_frames/gradient-025.png> <a0,fr25>
<backprop_gradient_frames/gradient-026.png, id=106, 1284.8pt x 722.7pt>
File: backprop_gradient_frames/gradient-026.png Graphic file (type png)
<use backprop_gradient_frames/gradient-026.png>
Package pdftex.def Info: backprop_gradient_frames/gradient-026.png  used on input line 14.
(pdftex.def)             Requested size: 1284.79688pt x 722.69823pt.
 <./backprop_gradient_frames/gradient-026.png> <a0,fr26>
<backprop_gradient_frames/gradient-027.png, id=110, 1284.8pt x 722.7pt>
File: backprop_gradient_frames/gradient-027.png Graphic file (type png)
<use backprop_gradient_frames/gradient-027.png>
Package pdftex.def Info: backprop_gradient_frames/gradient-027.png  used on input line 14.
(pdftex.def)             Requested size: 1284.79688pt x 722.69823pt.
 <./backprop_gradient_frames/gradient-027.png> <a0,fr27> <a0,fr28> <a0,fr29>
<backprop_gradient_frames/gradient-030.png, id=114, 1284.8pt x 722.7pt>
File: backprop_gradient_frames/gradient-030.png Graphic file (type png)
<use backprop_gradient_frames/gradient-030.png>
Package pdftex.def Info: backprop_gradient_frames/gradient-030.png  used on input line 14.
(pdftex.def)             Requested size: 1284.79688pt x 722.69823pt.
 <./backprop_gradient_frames/gradient-030.png> <a0,fr30>
<backprop_gradient_frames/gradient-031.png, id=118, 1284.8pt x 722.7pt>
File: backprop_gradient_frames/gradient-031.png Graphic file (type png)
<use backprop_gradient_frames/gradient-031.png>
Package pdftex.def Info: backprop_gradient_frames/gradient-031.png  used on input line 14.
(pdftex.def)             Requested size: 1284.79688pt x 722.69823pt.
 <./backprop_gradient_frames/gradient-031.png> <a0,fr31>
<backprop_gradient_frames/gradient-032.png, id=122, 1284.8pt x 722.7pt>
File: backprop_gradient_frames/gradient-032.png Graphic file (type png)
<use backprop_gradient_frames/gradient-032.png>
Package pdftex.def Info: backprop_gradient_frames/gradient-032.png  used on input line 14.
(pdftex.def)             Requested size: 1284.79688pt x 722.69823pt.
 <./backprop_gradient_frames/gradient-032.png> <a0,fr32>
<backprop_gradient_frames/gradient-033.png, id=126, 1284.8pt x 722.7pt>
File: backprop_gradient_frames/gradient-033.png Graphic file (type png)
<use backprop_gradient_frames/gradient-033.png>
Package pdftex.def Info: backprop_gradient_frames/gradient-033.png  used on input line 14.
(pdftex.def)             Requested size: 1284.79688pt x 722.69823pt.
 <./backprop_gradient_frames/gradient-033.png> <a0,fr33>
<backprop_gradient_frames/gradient-034.png, id=130, 1284.8pt x 722.7pt>
File: backprop_gradient_frames/gradient-034.png Graphic file (type png)
<use backprop_gradient_frames/gradient-034.png>
Package pdftex.def Info: backprop_gradient_frames/gradient-034.png  used on input line 14.
(pdftex.def)             Requested size: 1284.79688pt x 722.69823pt.
 <./backprop_gradient_frames/gradient-034.png> <a0,fr34>
<backprop_gradient_frames/gradient-035.png, id=134, 1284.8pt x 722.7pt>
File: backprop_gradient_frames/gradient-035.png Graphic file (type png)
<use backprop_gradient_frames/gradient-035.png>
Package pdftex.def Info: backprop_gradient_frames/gradient-035.png  used on input line 14.
(pdftex.def)             Requested size: 1284.79688pt x 722.69823pt.
 <./backprop_gradient_frames/gradient-035.png> <a0,fr35>
<backprop_gradient_frames/gradient-036.png, id=138, 1284.8pt x 722.7pt>
File: backprop_gradient_frames/gradient-036.png Graphic file (type png)
<use backprop_gradient_frames/gradient-036.png>
Package pdftex.def Info: backprop_gradient_frames/gradient-036.png  used on input line 14.
(pdftex.def)             Requested size: 1284.79688pt x 722.69823pt.
 <./backprop_gradient_frames/gradient-036.png> <a0,fr36>
<backprop_gradient_frames/gradient-037.png, id=142, 1284.8pt x 722.7pt>
File: backprop_gradient_frames/gradient-037.png Graphic file (type png)
<use backprop_gradient_frames/gradient-037.png>
Package pdftex.def Info: backprop_gradient_frames/gradient-037.png  used on input line 14.
(pdftex.def)             Requested size: 1284.79688pt x 722.69823pt.
 <./backprop_gradient_frames/gradient-037.png> <a0,fr37>
<backprop_gradient_frames/gradient-038.png, id=146, 1284.8pt x 722.7pt>
File: backprop_gradient_frames/gradient-038.png Graphic file (type png)
<use backprop_gradient_frames/gradient-038.png>
Package pdftex.def Info: backprop_gradient_frames/gradient-038.png  used on input line 14.
(pdftex.def)             Requested size: 1284.79688pt x 722.69823pt.
 <./backprop_gradient_frames/gradient-038.png> <a0,fr38>
<backprop_gradient_frames/gradient-039.png, id=150, 1284.8pt x 722.7pt>
File: backprop_gradient_frames/gradient-039.png Graphic file (type png)
<use backprop_gradient_frames/gradient-039.png>
Package pdftex.def Info: backprop_gradient_frames/gradient-039.png  used on input line 14.
(pdftex.def)             Requested size: 1284.79688pt x 722.69823pt.
 <./backprop_gradient_frames/gradient-039.png> <a0,fr39>
<backprop_gradient_frames/gradient-040.png, id=154, 1284.8pt x 722.7pt>
File: backprop_gradient_frames/gradient-040.png Graphic file (type png)
<use backprop_gradient_frames/gradient-040.png>
Package pdftex.def Info: backprop_gradient_frames/gradient-040.png  used on input line 14.
(pdftex.def)             Requested size: 1284.79688pt x 722.69823pt.
 <./backprop_gradient_frames/gradient-040.png> <a0,fr40>
<backprop_gradient_frames/gradient-041.png, id=158, 1284.8pt x 722.7pt>
File: backprop_gradient_frames/gradient-041.png Graphic file (type png)
<use backprop_gradient_frames/gradient-041.png>
Package pdftex.def Info: backprop_gradient_frames/gradient-041.png  used on input line 14.
(pdftex.def)             Requested size: 1284.79688pt x 722.69823pt.
 <./backprop_gradient_frames/gradient-041.png> <a0,fr41>
<backprop_gradient_frames/gradient-042.png, id=162, 1284.8pt x 722.7pt>
File: backprop_gradient_frames/gradient-042.png Graphic file (type png)
<use backprop_gradient_frames/gradient-042.png>
Package pdftex.def Info: backprop_gradient_frames/gradient-042.png  used on input line 14.
(pdftex.def)             Requested size: 1284.79688pt x 722.69823pt.
 <./backprop_gradient_frames/gradient-042.png> <a0,fr42>
<backprop_gradient_frames/gradient-043.png, id=166, 1284.8pt x 722.7pt>
File: backprop_gradient_frames/gradient-043.png Graphic file (type png)
<use backprop_gradient_frames/gradient-043.png>
Package pdftex.def Info: backprop_gradient_frames/gradient-043.png  used on input line 14.
(pdftex.def)             Requested size: 1284.79688pt x 722.69823pt.
 <./backprop_gradient_frames/gradient-043.png> <a0,fr43>
<backprop_gradient_frames/gradient-044.png, id=170, 1284.8pt x 722.7pt>
File: backprop_gradient_frames/gradient-044.png Graphic file (type png)
<use backprop_gradient_frames/gradient-044.png>
Package pdftex.def Info: backprop_gradient_frames/gradient-044.png  used on input line 14.
(pdftex.def)             Requested size: 1284.79688pt x 722.69823pt.
 <./backprop_gradient_frames/gradient-044.png> <a0,fr44>
<backprop_gradient_frames/gradient-045.png, id=174, 1284.8pt x 722.7pt>
File: backprop_gradient_frames/gradient-045.png Graphic file (type png)
<use backprop_gradient_frames/gradient-045.png>
Package pdftex.def Info: backprop_gradient_frames/gradient-045.png  used on input line 14.
(pdftex.def)             Requested size: 1284.79688pt x 722.69823pt.
 <./backprop_gradient_frames/gradient-045.png> <a0,fr45>
<backprop_gradient_frames/gradient-046.png, id=178, 1284.8pt x 722.7pt>
File: backprop_gradient_frames/gradient-046.png Graphic file (type png)
<use backprop_gradient_frames/gradient-046.png>
Package pdftex.def Info: backprop_gradient_frames/gradient-046.png  used on input line 14.
(pdftex.def)             Requested size: 1284.79688pt x 722.69823pt.
 <./backprop_gradient_frames/gradient-046.png> <a0,fr46>
<backprop_gradient_frames/gradient-047.png, id=182, 1284.8pt x 722.7pt>
File: backprop_gradient_frames/gradient-047.png Graphic file (type png)
<use backprop_gradient_frames/gradient-047.png>
Package pdftex.def Info: backprop_gradient_frames/gradient-047.png  used on input line 14.
(pdftex.def)             Requested size: 1284.79688pt x 722.69823pt.
 <./backprop_gradient_frames/gradient-047.png> <a0,fr47>
<backprop_gradient_frames/gradient-048.png, id=186, 1284.8pt x 722.7pt>
File: backprop_gradient_frames/gradient-048.png Graphic file (type png)
<use backprop_gradient_frames/gradient-048.png>
Package pdftex.def Info: backprop_gradient_frames/gradient-048.png  used on input line 14.
(pdftex.def)             Requested size: 1284.79688pt x 722.69823pt.
 <./backprop_gradient_frames/gradient-048.png> <a0,fr48>
<backprop_gradient_frames/gradient-049.png, id=190, 1284.8pt x 722.7pt>
File: backprop_gradient_frames/gradient-049.png Graphic file (type png)
<use backprop_gradient_frames/gradient-049.png>
Package pdftex.def Info: backprop_gradient_frames/gradient-049.png  used on input line 14.
(pdftex.def)             Requested size: 1284.79688pt x 722.69823pt.
 <./backprop_gradient_frames/gradient-049.png> <a0,fr49>
<backprop_gradient_frames/gradient-050.png, id=194, 1284.8pt x 722.7pt>
File: backprop_gradient_frames/gradient-050.png Graphic file (type png)
<use backprop_gradient_frames/gradient-050.png>
Package pdftex.def Info: backprop_gradient_frames/gradient-050.png  used on input line 14.
(pdftex.def)             Requested size: 1284.79688pt x 722.69823pt.
 <./backprop_gradient_frames/gradient-050.png> <a0,fr50>
<backprop_gradient_frames/gradient-051.png, id=198, 1284.8pt x 722.7pt>
File: backprop_gradient_frames/gradient-051.png Graphic file (type png)
<use backprop_gradient_frames/gradient-051.png>
Package pdftex.def Info: backprop_gradient_frames/gradient-051.png  used on input line 14.
(pdftex.def)             Requested size: 1284.79688pt x 722.69823pt.
 <./backprop_gradient_frames/gradient-051.png> <a0,fr51>
<backprop_gradient_frames/gradient-052.png, id=202, 1284.8pt x 722.7pt>
File: backprop_gradient_frames/gradient-052.png Graphic file (type png)
<use backprop_gradient_frames/gradient-052.png>
Package pdftex.def Info: backprop_gradient_frames/gradient-052.png  used on input line 14.
(pdftex.def)             Requested size: 1284.79688pt x 722.69823pt.
 <./backprop_gradient_frames/gradient-052.png> <a0,fr52>
<backprop_gradient_frames/gradient-053.png, id=206, 1284.8pt x 722.7pt>
File: backprop_gradient_frames/gradient-053.png Graphic file (type png)
<use backprop_gradient_frames/gradient-053.png>
Package pdftex.def Info: backprop_gradient_frames/gradient-053.png  used on input line 14.
(pdftex.def)             Requested size: 1284.79688pt x 722.69823pt.
 <./backprop_gradient_frames/gradient-053.png> <a0,fr53>
<backprop_gradient_frames/gradient-054.png, id=210, 1284.8pt x 722.7pt>
File: backprop_gradient_frames/gradient-054.png Graphic file (type png)
<use backprop_gradient_frames/gradient-054.png>
Package pdftex.def Info: backprop_gradient_frames/gradient-054.png  used on input line 14.
(pdftex.def)             Requested size: 1284.79688pt x 722.69823pt.
 <./backprop_gradient_frames/gradient-054.png> <a0,fr54>
<backprop_gradient_frames/gradient-055.png, id=214, 1284.8pt x 722.7pt>
File: backprop_gradient_frames/gradient-055.png Graphic file (type png)
<use backprop_gradient_frames/gradient-055.png>
Package pdftex.def Info: backprop_gradient_frames/gradient-055.png  used on input line 14.
(pdftex.def)             Requested size: 1284.79688pt x 722.69823pt.
 <./backprop_gradient_frames/gradient-055.png> <a0,fr55>
<backprop_gradient_frames/gradient-056.png, id=218, 1284.8pt x 722.7pt>
File: backprop_gradient_frames/gradient-056.png Graphic file (type png)
<use backprop_gradient_frames/gradient-056.png>
Package pdftex.def Info: backprop_gradient_frames/gradient-056.png  used on input line 14.
(pdftex.def)             Requested size: 1284.79688pt x 722.69823pt.
 <./backprop_gradient_frames/gradient-056.png> <a0,fr56>
<backprop_gradient_frames/gradient-057.png, id=222, 1284.8pt x 722.7pt>
File: backprop_gradient_frames/gradient-057.png Graphic file (type png)
<use backprop_gradient_frames/gradient-057.png>
Package pdftex.def Info: backprop_gradient_frames/gradient-057.png  used on input line 14.
(pdftex.def)             Requested size: 1284.79688pt x 722.69823pt.
 <./backprop_gradient_frames/gradient-057.png> <a0,fr57>
<backprop_gradient_frames/gradient-058.png, id=226, 1284.8pt x 722.7pt>
File: backprop_gradient_frames/gradient-058.png Graphic file (type png)
<use backprop_gradient_frames/gradient-058.png>
Package pdftex.def Info: backprop_gradient_frames/gradient-058.png  used on input line 14.
(pdftex.def)             Requested size: 1284.79688pt x 722.69823pt.
 <./backprop_gradient_frames/gradient-058.png> <a0,fr58>
<backprop_gradient_frames/gradient-059.png, id=230, 1284.8pt x 722.7pt>
File: backprop_gradient_frames/gradient-059.png Graphic file (type png)
<use backprop_gradient_frames/gradient-059.png>
Package pdftex.def Info: backprop_gradient_frames/gradient-059.png  used on input line 14.
(pdftex.def)             Requested size: 1284.79688pt x 722.69823pt.
 <./backprop_gradient_frames/gradient-059.png> <a0,fr59>
<backprop_gradient_frames/gradient-060.png, id=234, 1284.8pt x 722.7pt>
File: backprop_gradient_frames/gradient-060.png Graphic file (type png)
<use backprop_gradient_frames/gradient-060.png>
Package pdftex.def Info: backprop_gradient_frames/gradient-060.png  used on input line 14.
(pdftex.def)             Requested size: 1284.79688pt x 722.69823pt.
 <./backprop_gradient_frames/gradient-060.png> <a0,fr60>
<backprop_gradient_frames/gradient-061.png, id=238, 1284.8pt x 722.7pt>
File: backprop_gradient_frames/gradient-061.png Graphic file (type png)
<use backprop_gradient_frames/gradient-061.png>
Package pdftex.def Info: backprop_gradient_frames/gradient-061.png  used on input line 14.
(pdftex.def)             Requested size: 1284.79688pt x 722.69823pt.
 <./backprop_gradient_frames/gradient-061.png> <a0,fr61>
<backprop_gradient_frames/gradient-062.png, id=242, 1284.8pt x 722.7pt>
File: backprop_gradient_frames/gradient-062.png Graphic file (type png)
<use backprop_gradient_frames/gradient-062.png>
Package pdftex.def Info: backprop_gradient_frames/gradient-062.png  used on input line 14.
(pdftex.def)             Requested size: 1284.79688pt x 722.69823pt.
 <./backprop_gradient_frames/gradient-062.png> <a0,fr62>
<backprop_gradient_frames/gradient-063.png, id=246, 1284.8pt x 722.7pt>
File: backprop_gradient_frames/gradient-063.png Graphic file (type png)
<use backprop_gradient_frames/gradient-063.png>
Package pdftex.def Info: backprop_gradient_frames/gradient-063.png  used on input line 14.
(pdftex.def)             Requested size: 1284.79688pt x 722.69823pt.
 <./backprop_gradient_frames/gradient-063.png> <a0,fr63>
<backprop_gradient_frames/gradient-064.png, id=250, 1284.8pt x 722.7pt>
File: backprop_gradient_frames/gradient-064.png Graphic file (type png)
<use backprop_gradient_frames/gradient-064.png>
Package pdftex.def Info: backprop_gradient_frames/gradient-064.png  used on input line 14.
(pdftex.def)             Requested size: 1284.79688pt x 722.69823pt.
 <./backprop_gradient_frames/gradient-064.png> <a0,fr64>
<backprop_gradient_frames/gradient-065.png, id=254, 1284.8pt x 722.7pt>
File: backprop_gradient_frames/gradient-065.png Graphic file (type png)
<use backprop_gradient_frames/gradient-065.png>
Package pdftex.def Info: backprop_gradient_frames/gradient-065.png  used on input line 14.
(pdftex.def)             Requested size: 1284.79688pt x 722.69823pt.
 <./backprop_gradient_frames/gradient-065.png> <a0,fr65> <a0,fr66> <a0,fr67>
<backprop_gradient_frames/gradient-068.png, id=258, 1284.8pt x 722.7pt>
File: backprop_gradient_frames/gradient-068.png Graphic file (type png)
<use backprop_gradient_frames/gradient-068.png>
Package pdftex.def Info: backprop_gradient_frames/gradient-068.png  used on input line 14.
(pdftex.def)             Requested size: 1284.79688pt x 722.69823pt.
 <./backprop_gradient_frames/gradient-068.png> <a0,fr68>
<backprop_gradient_frames/gradient-069.png, id=262, 1284.8pt x 722.7pt>
File: backprop_gradient_frames/gradient-069.png Graphic file (type png)
<use backprop_gradient_frames/gradient-069.png>
Package pdftex.def Info: backprop_gradient_frames/gradient-069.png  used on input line 14.
(pdftex.def)             Requested size: 1284.79688pt x 722.69823pt.
 <./backprop_gradient_frames/gradient-069.png> <a0,fr69>
<backprop_gradient_frames/gradient-070.png, id=266, 1284.8pt x 722.7pt>
File: backprop_gradient_frames/gradient-070.png Graphic file (type png)
<use backprop_gradient_frames/gradient-070.png>
Package pdftex.def Info: backprop_gradient_frames/gradient-070.png  used on input line 14.
(pdftex.def)             Requested size: 1284.79688pt x 722.69823pt.
 <./backprop_gradient_frames/gradient-070.png> <a0,fr70>
<backprop_gradient_frames/gradient-071.png, id=270, 1284.8pt x 722.7pt>
File: backprop_gradient_frames/gradient-071.png Graphic file (type png)
<use backprop_gradient_frames/gradient-071.png>
Package pdftex.def Info: backprop_gradient_frames/gradient-071.png  used on input line 14.
(pdftex.def)             Requested size: 1284.79688pt x 722.69823pt.
 <./backprop_gradient_frames/gradient-071.png> <a0,fr71>
<backprop_gradient_frames/gradient-072.png, id=274, 1284.8pt x 722.7pt>
File: backprop_gradient_frames/gradient-072.png Graphic file (type png)
<use backprop_gradient_frames/gradient-072.png>
Package pdftex.def Info: backprop_gradient_frames/gradient-072.png  used on input line 14.
(pdftex.def)             Requested size: 1284.79688pt x 722.69823pt.
 <./backprop_gradient_frames/gradient-072.png> <a0,fr72>
<backprop_gradient_frames/gradient-073.png, id=278, 1284.8pt x 722.7pt>
File: backprop_gradient_frames/gradient-073.png Graphic file (type png)
<use backprop_gradient_frames/gradient-073.png>
Package pdftex.def Info: backprop_gradient_frames/gradient-073.png  used on input line 14.
(pdftex.def)             Requested size: 1284.79688pt x 722.69823pt.
 <./backprop_gradient_frames/gradient-073.png> <a0,fr73>
<backprop_gradient_frames/gradient-074.png, id=282, 1284.8pt x 722.7pt>
File: backprop_gradient_frames/gradient-074.png Graphic file (type png)
<use backprop_gradient_frames/gradient-074.png>
Package pdftex.def Info: backprop_gradient_frames/gradient-074.png  used on input line 14.
(pdftex.def)             Requested size: 1284.79688pt x 722.69823pt.
 <./backprop_gradient_frames/gradient-074.png> <a0,fr74>
<backprop_gradient_frames/gradient-075.png, id=286, 1284.8pt x 722.7pt>
File: backprop_gradient_frames/gradient-075.png Graphic file (type png)
<use backprop_gradient_frames/gradient-075.png>
Package pdftex.def Info: backprop_gradient_frames/gradient-075.png  used on input line 14.
(pdftex.def)             Requested size: 1284.79688pt x 722.69823pt.
 <./backprop_gradient_frames/gradient-075.png> <a0,fr75>
<backprop_gradient_frames/gradient-076.png, id=290, 1284.8pt x 722.7pt>
File: backprop_gradient_frames/gradient-076.png Graphic file (type png)
<use backprop_gradient_frames/gradient-076.png>
Package pdftex.def Info: backprop_gradient_frames/gradient-076.png  used on input line 14.
(pdftex.def)             Requested size: 1284.79688pt x 722.69823pt.
 <./backprop_gradient_frames/gradient-076.png> <a0,fr76>
<backprop_gradient_frames/gradient-077.png, id=294, 1284.8pt x 722.7pt>
File: backprop_gradient_frames/gradient-077.png Graphic file (type png)
<use backprop_gradient_frames/gradient-077.png>
Package pdftex.def Info: backprop_gradient_frames/gradient-077.png  used on input line 14.
(pdftex.def)             Requested size: 1284.79688pt x 722.69823pt.
 <./backprop_gradient_frames/gradient-077.png> <a0,fr77>
<backprop_gradient_frames/gradient-078.png, id=298, 1284.8pt x 722.7pt>
File: backprop_gradient_frames/gradient-078.png Graphic file (type png)
<use backprop_gradient_frames/gradient-078.png>
Package pdftex.def Info: backprop_gradient_frames/gradient-078.png  used on input line 14.
(pdftex.def)             Requested size: 1284.79688pt x 722.69823pt.
 <./backprop_gradient_frames/gradient-078.png> <a0,fr78> <a0,fr79> <a0,fr80> <a0,fr81> <a0,fr82> <a0,fr83> [1

]
\tf@nav=\write6
\openout6 = `backprop_gradient_demo.nav'.

\tf@toc=\write7
\openout7 = `backprop_gradient_demo.toc'.

\tf@snm=\write8
\openout8 = `backprop_gradient_demo.snm'.

 (./backprop_gradient_demo.aux)
 ***********
LaTeX2e <2026-06-01>
L3 programming layer <2026-07-20>
 ***********
Package rerunfilecheck Info: File `backprop_gradient_demo.out' has not changed.
(rerunfilecheck)             Checksum: D41D8CD98F00B204E9800998ECF8427E;0.
 ) 
Here is how much of TeX's memory you used:
 23942 strings out of 467159
 488682 string characters out of 5409219
 849128 words of memory out of 5000000
 52776 multiletter control sequences out of 15000+600000
 628626 words of font info for 43 fonts, out of 8000000 for 9000
 1141 hyphenation exceptions out of 8191
 128i,8n,123p,520b,633s stack positions out of 10000i,1000n,20000p,200000b,200000s

Output written on backprop_gradient_demo.pdf (1 page, 4537482 bytes).
PDF statistics:
 431 PDF objects out of 1000 (max. 8388607)
 189 compressed objects within 2 object streams
 3 named destinations out of 1000 (max. 500000)
 903 words of extra memory for PDF output out of 10000 (max. 10000000)

